
> build:publish
> node scripts/build-publish.mjs


> build
> astro check && astro build

[2m13:09:21[22m [34m[content][39m Syncing content
[2m13:09:21[22m [34m[content][39m Synced content
[2m13:09:21[22m [34m[types][39m Generated [2m1.27s[22m
[2m13:09:22[22m [34m[check][39m Getting diagnostics for Astro files in C:\Users\adria\nw-wt\formulario...
Result (102 files): 
- 0 errors
- 0 warnings
- 0 hints

[2m13:09:35[22m [34m[content][39m Syncing content
[2m13:09:36[22m [34m[content][39m Synced content
[2m13:09:36[22m [34m[types][39m Generated [2m939ms[22m
[2m13:09:36[22m [34m[build][39m output: [34m"static"[39m
[2m13:09:36[22m [34m[build][39m mode: [34m"static"[39m
[2m13:09:36[22m [34m[build][39m directory: [34mC:\Users\adria\nw-wt\formulario\dist\[39m
[2m13:09:36[22m [34m[build][39m Collecting build info...
[2m13:09:36[22m [34m[build][39m [32m✓ Completed in 1.08s.[39m
[2m13:09:36[22m [34m[build][39m Building static entrypoints...
[2m13:09:37[22m [34m[vite][39m [32m✓ built in 904ms[39m
[2m13:09:37[22m [34m[vite][39m [32m✓ built in 81ms[39m
[2m13:09:37[22m [34m[build][39m Rearranging server assets...

[42m[30m generating static routes [39m[49m
[insights] excluido: post-agent-reconciliation (agent-reconciliation) — no está marcado para Insights (showOnInsights=vacío, listed=false)
[insights] excluido: post-introducing-noctilabs (introducing-noctilabs) — el cuerpo en es está vacío
[insights] excluido: post-legacy-stacks (legacy-stacks) — no está marcado para Insights (showOnInsights=vacío, listed=false)
[insights] excluido: post-model-agnostic (model-agnostic) — no está marcado para Insights (showOnInsights=vacío, listed=false)
[insights] excluido: post-opportunity-audit (opportunity-audit) — no está marcado para Insights (showOnInsights=vacío, listed=false)
[insights] excluido: post-platform-engineering (platform-engineering) — no está marcado para Insights (showOnInsights=vacío, listed=false)
[insights] excluido: post-production-gap (production-gap) — no está marcado para Insights (showOnInsights=vacío, listed=false)
[2m13:09:37[22m   [34m├─[39m [2m/404.html[22m [2m(+20ms)[22m 
[2m13:09:37[22m   [34m├─[39m [2m/en/about/index.html[22m [2m(+17ms)[22m 
[2m13:09:37[22m   [34m├─[39m [2m/en/contact/index.html[22m[31m[1m13:09:37[22m [ERROR][39m Error: [legal] faltan los datos del responsable (razón social, RUT y domicilio) en src/content/legal.ts: el formulario no se publica con los marcadores (spec 004 §2.2).
    at file:///C:/Users/adria/nw-wt/formulario/dist/.prerender/chunks/legal_F9B6mFie.mjs:24:164
    at ModuleJob.run (node:internal/modules/esm/module_job:345:25)
    at async onImport.tracePromise.__proto__ (node:internal/modules/esm/loader:651:26)
    at async getModuleForRoute$1 (file:///C:/Users/adria/nw-wt/formulario/dist/.prerender/prerender-entry.N3rkuXqO.mjs:1402:10)
    at async Object.getComponentByRoute$1 [as getComponentByRoute] (file:///C:/Users/adria/nw-wt/formulario/dist/.prerender/prerender-entry.N3rkuXqO.mjs:1407:10)
    at async FetchState.getProps (file:///C:/Users/adria/nw-wt/formulario/dist/.prerender/prerender-entry.N3rkuXqO.mjs:4178:15)
    at async handleMiddleware (file:///C:/Users/adria/nw-wt/formulario/dist/.prerender/prerender-entry.N3rkuXqO.mjs:3404:2)
    at async render (file:///C:/Users/adria/nw-wt/formulario/dist/.prerender/prerender-entry.N3rkuXqO.mjs:4876:15)
    at async BuildApp.render (file:///C:/Users/adria/nw-wt/formulario/dist/.prerender/prerender-entry.N3rkuXqO.mjs:5181:69)
    at async renderForPrerender (file:///C:/Users/adria/nw-wt/formulario/node_modules/astro/dist/core/app/prerender.js:6:24)
[31m[1m13:09:37[22m [ERROR] [build][39m Caught error rendering /en/contact: Error: [legal] faltan los datos del responsable (razón social, RUT y domicilio) en src/content/legal.ts: el formulario no se publica con los marcadores (spec 004 §2.2).
[legal] faltan los datos del responsable (razón social, RUT y domicilio) en src/content/legal.ts: el formulario no se publica con los marcadores (spec 004 §2.2).
  [1mStack trace:[22m
[2m    at file:///C:/Users/adria/nw-wt/formulario/dist/.prerender/chunks/legal_F9B6mFie.mjs:24:164
    at async onImport.tracePromise.__proto__ (node:internal/modules/esm/loader:651:26)
    at async Object.getComponentByRoute$1 [as getComponentByRoute] (file:///C:/Users/adria/nw-wt/formulario/dist/.prerender/prerender-entry.N3rkuXqO.mjs:1407:10)
    at async handleMiddleware (file:///C:/Users/adria/nw-wt/formulario/dist/.prerender/prerender-entry.N3rkuXqO.mjs:3404:2)
    at async BuildApp.render (file:///C:/Users/adria/nw-wt/formulario/dist/.prerender/prerender-entry.N3rkuXqO.mjs:5181:69)[22m
inicio 2026-10-04T16:09:14Z · fin 2026-10-04T16:09:37Z · comando: PUBLIC_WEB3FORMS_KEY=clave-de-prueba-local npm run build:publish · salida 1
